Archive member included to satisfy reference by file (symbol)

c:/program files (x86)/atmel/studio/7.0/toolchain/avr8/avr8-gnu-toolchain/bin/../lib/gcc/avr/5.4.0/avr25\libgcc.a(_exit.o)
                              C:/Program Files (x86)/Atmel/Studio/7.0/Packs/atmel/ATtiny_DFP/1.3.172/gcc/dev/attiny88/avr25/crtattiny88.o (exit)
c:/program files (x86)/atmel/studio/7.0/toolchain/avr8/avr8-gnu-toolchain/bin/../lib/gcc/avr/5.4.0/avr25\libgcc.a(_copy_data.o)
                              main.o (__do_copy_data)
c:/program files (x86)/atmel/studio/7.0/toolchain/avr8/avr8-gnu-toolchain/bin/../lib/gcc/avr/5.4.0/avr25\libgcc.a(_clear_bss.o)
                              main.o (__do_clear_bss)
c:/program files (x86)/atmel/studio/7.0/toolchain/avr8/avr8-gnu-toolchain/bin/../lib/gcc/avr/5.4.0/../../../../avr/lib/avr25\libc.a(memcpy.o)
                              main.o (memcpy)

Allocating common symbols
Common symbol       size              file

node_status         0x1               main.o
active_command      0x2               main.o
mrf_flags           0x1               mrf24j.o
recieved_data_buffer
                    0x28              main.o
flag_got_tx         0x1               mrf24j.o
transmit_data_buffer
                    0x28              main.o
neighbor_status     0x1               main.o
recieved_command_header
                    0x2               main.o
transmit_command_header
                    0x2               main.o
flag_got_rx         0x1               mrf24j.o
mrf_reg_TXSTAT      0x1               main.o
isr_lock            0x1               main.o
target_address      0x1               main.o
command_status      0x1               main.o

Discarded input sections

 .data          0x00000000        0x0 C:/Program Files (x86)/Atmel/Studio/7.0/Packs/atmel/ATtiny_DFP/1.3.172/gcc/dev/attiny88/avr25/crtattiny88.o
 .bss           0x00000000        0x0 C:/Program Files (x86)/Atmel/Studio/7.0/Packs/atmel/ATtiny_DFP/1.3.172/gcc/dev/attiny88/avr25/crtattiny88.o
 .text          0x00000000        0x0 bitmanip.o
 .data          0x00000000        0x0 bitmanip.o
 .bss           0x00000000        0x0 bitmanip.o
 .text.pack_12bit
                0x00000000       0x2e bitmanip.o
 .text.unpack_12bit
                0x00000000       0x40 bitmanip.o
 .text          0x00000000        0x0 main.o
 .data          0x00000000        0x0 main.o
 .bss           0x00000000        0x0 main.o
 .text.ping_respond
                0x00000000       0x2e main.o
 .text.loop     0x00000000        0x2 main.o
 .bss.LOWER_NEIGHBOR_ADDRESS
                0x00000000        0x1 main.o
 .bss.UPPER_NEIGHBOR_ADDRESS
                0x00000000        0x1 main.o
 .text          0x00000000        0x0 mrf24j.o
 .data          0x00000000        0x0 mrf24j.o
 .bss           0x00000000        0x0 mrf24j.o
 .text.mrf_set_promiscuous
                0x00000000       0x14 mrf24j.o
 .text.mrf_get_rxinfo
                0x00000000        0xc mrf24j.o
 .text.mrf_get_txinfo
                0x00000000        0xc mrf24j.o
 .text.mrf_get_rxbuf
                0x00000000        0x6 mrf24j.o
 .text.mrf_set_ignoreBytes
                0x00000000        0xa mrf24j.o
 .text.mrf_set_bufferPHY
                0x00000000       0x1c mrf24j.o
 .text.mrf_get_bufferPHY
                0x00000000        0x8 mrf24j.o
 .text.mrf_set_palna
                0x00000000       0x18 mrf24j.o
 .text.mrf_rx_flush
                0x00000000        0x8 mrf24j.o
 .text.mrf_tx_ok
                0x00000000        0x8 mrf24j.o
 .text          0x00000000        0x0 Packet_Setup.o
 .data          0x00000000        0x0 Packet_Setup.o
 .bss           0x00000000        0x0 Packet_Setup.o
 .text          0x00000000        0x0 tinyspi.o
 .data          0x00000000        0x0 tinyspi.o
 .bss           0x00000000        0x0 tinyspi.o
 .text.spi_set_data_direction
                0x00000000       0x14 tinyspi.o
 .text          0x00000000        0x0 c:/program files (x86)/atmel/studio/7.0/toolchain/avr8/avr8-gnu-toolchain/bin/../lib/gcc/avr/5.4.0/avr25\libgcc.a(_exit.o)
 .data          0x00000000        0x0 c:/program files (x86)/atmel/studio/7.0/toolchain/avr8/avr8-gnu-toolchain/bin/../lib/gcc/avr/5.4.0/avr25\libgcc.a(_exit.o)
 .bss           0x00000000        0x0 c:/program files (x86)/atmel/studio/7.0/toolchain/avr8/avr8-gnu-toolchain/bin/../lib/gcc/avr/5.4.0/avr25\libgcc.a(_exit.o)
 .text.libgcc.mul
                0x00000000        0x0 c:/program files (x86)/atmel/studio/7.0/toolchain/avr8/avr8-gnu-toolchain/bin/../lib/gcc/avr/5.4.0/avr25\libgcc.a(_exit.o)
 .text.libgcc.div
                0x00000000        0x0 c:/program files (x86)/atmel/studio/7.0/toolchain/avr8/avr8-gnu-toolchain/bin/../lib/gcc/avr/5.4.0/avr25\libgcc.a(_exit.o)
 .text.libgcc   0x00000000        0x0 c:/program files (x86)/atmel/studio/7.0/toolchain/avr8/avr8-gnu-toolchain/bin/../lib/gcc/avr/5.4.0/avr25\libgcc.a(_exit.o)
 .text.libgcc.prologue
                0x00000000        0x0 c:/program files (x86)/atmel/studio/7.0/toolchain/avr8/avr8-gnu-toolchain/bin/../lib/gcc/avr/5.4.0/avr25\libgcc.a(_exit.o)
 .text.libgcc.builtins
                0x00000000        0x0 c:/program files (x86)/atmel/studio/7.0/toolchain/avr8/avr8-gnu-toolchain/bin/../lib/gcc/avr/5.4.0/avr25\libgcc.a(_exit.o)
 .text.libgcc.fmul
                0x00000000        0x0 c:/program files (x86)/atmel/studio/7.0/toolchain/avr8/avr8-gnu-toolchain/bin/../lib/gcc/avr/5.4.0/avr25\libgcc.a(_exit.o)
 .text.libgcc.fixed
                0x00000000        0x0 c:/program files (x86)/atmel/studio/7.0/toolchain/avr8/avr8-gnu-toolchain/bin/../lib/gcc/avr/5.4.0/avr25\libgcc.a(_exit.o)
 .text          0x00000000        0x0 c:/program files (x86)/atmel/studio/7.0/toolchain/avr8/avr8-gnu-toolchain/bin/../lib/gcc/avr/5.4.0/avr25\libgcc.a(_copy_data.o)
 .data          0x00000000        0x0 c:/program files (x86)/atmel/studio/7.0/toolchain/avr8/avr8-gnu-toolchain/bin/../lib/gcc/avr/5.4.0/avr25\libgcc.a(_copy_data.o)
 .bss           0x00000000        0x0 c:/program files (x86)/atmel/studio/7.0/toolchain/avr8/avr8-gnu-toolchain/bin/../lib/gcc/avr/5.4.0/avr25\libgcc.a(_copy_data.o)
 .text.libgcc.mul
                0x00000000        0x0 c:/program files (x86)/atmel/studio/7.0/toolchain/avr8/avr8-gnu-toolchain/bin/../lib/gcc/avr/5.4.0/avr25\libgcc.a(_copy_data.o)
 .text.libgcc.div
                0x00000000        0x0 c:/program files (x86)/atmel/studio/7.0/toolchain/avr8/avr8-gnu-toolchain/bin/../lib/gcc/avr/5.4.0/avr25\libgcc.a(_copy_data.o)
 .text.libgcc   0x00000000        0x0 c:/program files (x86)/atmel/studio/7.0/toolchain/avr8/avr8-gnu-toolchain/bin/../lib/gcc/avr/5.4.0/avr25\libgcc.a(_copy_data.o)
 .text.libgcc.prologue
                0x00000000        0x0 c:/program files (x86)/atmel/studio/7.0/toolchain/avr8/avr8-gnu-toolchain/bin/../lib/gcc/avr/5.4.0/avr25\libgcc.a(_copy_data.o)
 .text.libgcc.builtins
                0x00000000        0x0 c:/program files (x86)/atmel/studio/7.0/toolchain/avr8/avr8-gnu-toolchain/bin/../lib/gcc/avr/5.4.0/avr25\libgcc.a(_copy_data.o)
 .text.libgcc.fmul
                0x00000000        0x0 c:/program files (x86)/atmel/studio/7.0/toolchain/avr8/avr8-gnu-toolchain/bin/../lib/gcc/avr/5.4.0/avr25\libgcc.a(_copy_data.o)
 .text.libgcc.fixed
                0x00000000        0x0 c:/program files (x86)/atmel/studio/7.0/toolchain/avr8/avr8-gnu-toolchain/bin/../lib/gcc/avr/5.4.0/avr25\libgcc.a(_copy_data.o)
 .text          0x00000000        0x0 c:/program files (x86)/atmel/studio/7.0/toolchain/avr8/avr8-gnu-toolchain/bin/../lib/gcc/avr/5.4.0/avr25\libgcc.a(_clear_bss.o)
 .data          0x00000000        0x0 c:/program files (x86)/atmel/studio/7.0/toolchain/avr8/avr8-gnu-toolchain/bin/../lib/gcc/avr/5.4.0/avr25\libgcc.a(_clear_bss.o)
 .bss           0x00000000        0x0 c:/program files (x86)/atmel/studio/7.0/toolchain/avr8/avr8-gnu-toolchain/bin/../lib/gcc/avr/5.4.0/avr25\libgcc.a(_clear_bss.o)
 .text.libgcc.mul
                0x00000000        0x0 c:/program files (x86)/atmel/studio/7.0/toolchain/avr8/avr8-gnu-toolchain/bin/../lib/gcc/avr/5.4.0/avr25\libgcc.a(_clear_bss.o)
 .text.libgcc.div
                0x00000000        0x0 c:/program files (x86)/atmel/studio/7.0/toolchain/avr8/avr8-gnu-toolchain/bin/../lib/gcc/avr/5.4.0/avr25\libgcc.a(_clear_bss.o)
 .text.libgcc   0x00000000        0x0 c:/program files (x86)/atmel/studio/7.0/toolchain/avr8/avr8-gnu-toolchain/bin/../lib/gcc/avr/5.4.0/avr25\libgcc.a(_clear_bss.o)
 .text.libgcc.prologue
                0x00000000        0x0 c:/program files (x86)/atmel/studio/7.0/toolchain/avr8/avr8-gnu-toolchain/bin/../lib/gcc/avr/5.4.0/avr25\libgcc.a(_clear_bss.o)
 .text.libgcc.builtins
                0x00000000        0x0 c:/program files (x86)/atmel/studio/7.0/toolchain/avr8/avr8-gnu-toolchain/bin/../lib/gcc/avr/5.4.0/avr25\libgcc.a(_clear_bss.o)
 .text.libgcc.fmul
                0x00000000        0x0 c:/program files (x86)/atmel/studio/7.0/toolchain/avr8/avr8-gnu-toolchain/bin/../lib/gcc/avr/5.4.0/avr25\libgcc.a(_clear_bss.o)
 .text.libgcc.fixed
                0x00000000        0x0 c:/program files (x86)/atmel/studio/7.0/toolchain/avr8/avr8-gnu-toolchain/bin/../lib/gcc/avr/5.4.0/avr25\libgcc.a(_clear_bss.o)
 .text          0x00000000        0x0 c:/program files (x86)/atmel/studio/7.0/toolchain/avr8/avr8-gnu-toolchain/bin/../lib/gcc/avr/5.4.0/../../../../avr/lib/avr25\libc.a(memcpy.o)
 .data          0x00000000        0x0 c:/program files (x86)/atmel/studio/7.0/toolchain/avr8/avr8-gnu-toolchain/bin/../lib/gcc/avr/5.4.0/../../../../avr/lib/avr25\libc.a(memcpy.o)
 .bss           0x00000000        0x0 c:/program files (x86)/atmel/studio/7.0/toolchain/avr8/avr8-gnu-toolchain/bin/../lib/gcc/avr/5.4.0/../../../../avr/lib/avr25\libc.a(memcpy.o)

Memory Configuration

Name             Origin             Length             Attributes
text             0x00000000         0x00002000         xr
data             0x00800060         0x0000ffa0         rw !x
eeprom           0x00810000         0x00010000         rw !x
fuse             0x00820000         0x00000003         rw !x
lock             0x00830000         0x00000400         rw !x
signature        0x00840000         0x00000400         rw !x
user_signatures  0x00850000         0x00000400         rw !x
*default*        0x00000000         0xffffffff

Linker script and memory map

Address of section .data set to 0x800100
LOAD C:/Program Files (x86)/Atmel/Studio/7.0/Packs/atmel/ATtiny_DFP/1.3.172/gcc/dev/attiny88/avr25/crtattiny88.o
LOAD bitmanip.o
LOAD main.o
LOAD mrf24j.o
LOAD Packet_Setup.o
LOAD tinyspi.o
START GROUP
LOAD c:/program files (x86)/atmel/studio/7.0/toolchain/avr8/avr8-gnu-toolchain/bin/../lib/gcc/avr/5.4.0/../../../../avr/lib/avr25\libm.a
END GROUP
START GROUP
LOAD c:/program files (x86)/atmel/studio/7.0/toolchain/avr8/avr8-gnu-toolchain/bin/../lib/gcc/avr/5.4.0/avr25\libgcc.a
LOAD c:/program files (x86)/atmel/studio/7.0/toolchain/avr8/avr8-gnu-toolchain/bin/../lib/gcc/avr/5.4.0/../../../../avr/lib/avr25\libm.a
LOAD c:/program files (x86)/atmel/studio/7.0/toolchain/avr8/avr8-gnu-toolchain/bin/../lib/gcc/avr/5.4.0/../../../../avr/lib/avr25\libc.a
LOAD C:/Program Files (x86)/Atmel/Studio/7.0/Packs/atmel/ATtiny_DFP/1.3.172/gcc/dev/attiny88/avr25\libattiny88.a
END GROUP
                0x00002000                __TEXT_REGION_LENGTH__ = DEFINED (__TEXT_REGION_LENGTH__)?__TEXT_REGION_LENGTH__:0x2000
                0x0000ffa0                __DATA_REGION_LENGTH__ = DEFINED (__DATA_REGION_LENGTH__)?__DATA_REGION_LENGTH__:0xffa0
                0x00010000                __EEPROM_REGION_LENGTH__ = DEFINED (__EEPROM_REGION_LENGTH__)?__EEPROM_REGION_LENGTH__:0x10000
                [0x00000003]                __FUSE_REGION_LENGTH__ = DEFINED (__FUSE_REGION_LENGTH__)?__FUSE_REGION_LENGTH__:0x400
                0x00000400                __LOCK_REGION_LENGTH__ = DEFINED (__LOCK_REGION_LENGTH__)?__LOCK_REGION_LENGTH__:0x400
                0x00000400                __SIGNATURE_REGION_LENGTH__ = DEFINED (__SIGNATURE_REGION_LENGTH__)?__SIGNATURE_REGION_LENGTH__:0x400
                0x00000400                __USER_SIGNATURE_REGION_LENGTH__ = DEFINED (__USER_SIGNATURE_REGION_LENGTH__)?__USER_SIGNATURE_REGION_LENGTH__:0x400

.hash
 *(.hash)

.dynsym
 *(.dynsym)

.dynstr
 *(.dynstr)

.gnu.version
 *(.gnu.version)

.gnu.version_d
 *(.gnu.version_d)

.gnu.version_r
 *(.gnu.version_r)

.rel.init
 *(.rel.init)

.rela.init
 *(.rela.init)

.rel.text
 *(.rel.text)
 *(.rel.text.*)
 *(.rel.gnu.linkonce.t*)

.rela.text
 *(.rela.text)
 *(.rela.text.*)
 *(.rela.gnu.linkonce.t*)

.rel.fini
 *(.rel.fini)

.rela.fini
 *(.rela.fini)

.rel.rodata
 *(.rel.rodata)
 *(.rel.rodata.*)
 *(.rel.gnu.linkonce.r*)

.rela.rodata
 *(.rela.rodata)
 *(.rela.rodata.*)
 *(.rela.gnu.linkonce.r*)

.rel.data
 *(.rel.data)
 *(.rel.data.*)
 *(.rel.gnu.linkonce.d*)

.rela.data
 *(.rela.data)
 *(.rela.data.*)
 *(.rela.gnu.linkonce.d*)

.rel.ctors
 *(.rel.ctors)

.rela.ctors
 *(.rela.ctors)

.rel.dtors
 *(.rel.dtors)

.rela.dtors
 *(.rela.dtors)

.rel.got
 *(.rel.got)

.rela.got
 *(.rela.got)

.rel.bss
 *(.rel.bss)

.rela.bss
 *(.rela.bss)

.rel.plt
 *(.rel.plt)

.rela.plt
 *(.rela.plt)

.text           0x00000000      0x88a
 *(.vectors)
 .vectors       0x00000000       0x28 C:/Program Files (x86)/Atmel/Studio/7.0/Packs/atmel/ATtiny_DFP/1.3.172/gcc/dev/attiny88/avr25/crtattiny88.o
                0x00000000                __vector_default
                0x00000000                __vectors
 *(.vectors)
 *(.progmem.gcc*)
                0x00000028                . = ALIGN (0x2)
                0x00000028                __trampolines_start = .
 *(.trampolines)
 .trampolines   0x00000028        0x0 linker stubs
 *(.trampolines*)
                0x00000028                __trampolines_end = .
 *libprintf_flt.a:*(.progmem.data)
 *libc.a:*(.progmem.data)
 *(.progmem*)
                0x00000028                . = ALIGN (0x2)
 *(.jumptables)
 *(.jumptables*)
 *(.lowtext)
 *(.lowtext*)
                0x00000028                __ctors_start = .
 *(.ctors)
                0x00000028                __ctors_end = .
                0x00000028                __dtors_start = .
 *(.dtors)
                0x00000028                __dtors_end = .
 SORT(*)(.ctors)
 SORT(*)(.dtors)
 *(.init0)
 .init0         0x00000028        0x0 C:/Program Files (x86)/Atmel/Studio/7.0/Packs/atmel/ATtiny_DFP/1.3.172/gcc/dev/attiny88/avr25/crtattiny88.o
                0x00000028                __init
 *(.init0)
 *(.init1)
 *(.init1)
 *(.init2)
 .init2         0x00000028        0xc C:/Program Files (x86)/Atmel/Studio/7.0/Packs/atmel/ATtiny_DFP/1.3.172/gcc/dev/attiny88/avr25/crtattiny88.o
 *(.init2)
 *(.init3)
 *(.init3)
 *(.init4)
 .init4         0x00000034       0x16 c:/program files (x86)/atmel/studio/7.0/toolchain/avr8/avr8-gnu-toolchain/bin/../lib/gcc/avr/5.4.0/avr25\libgcc.a(_copy_data.o)
                0x00000034                __do_copy_data
 .init4         0x0000004a       0x10 c:/program files (x86)/atmel/studio/7.0/toolchain/avr8/avr8-gnu-toolchain/bin/../lib/gcc/avr/5.4.0/avr25\libgcc.a(_clear_bss.o)
                0x0000004a                __do_clear_bss
 *(.init4)
 *(.init5)
 *(.init5)
 *(.init6)
 *(.init6)
 *(.init7)
 *(.init7)
 *(.init8)
 *(.init8)
 *(.init9)
 .init9         0x0000005a        0x4 C:/Program Files (x86)/Atmel/Studio/7.0/Packs/atmel/ATtiny_DFP/1.3.172/gcc/dev/attiny88/avr25/crtattiny88.o
 *(.init9)
 *(.text)
 .text          0x0000005e        0x2 C:/Program Files (x86)/Atmel/Studio/7.0/Packs/atmel/ATtiny_DFP/1.3.172/gcc/dev/attiny88/avr25/crtattiny88.o
                0x0000005e                __vector_12
                0x0000005e                __bad_interrupt
                0x0000005e                __vector_6
                0x0000005e                __vector_3
                0x0000005e                __vector_11
                0x0000005e                __vector_13
                0x0000005e                __vector_17
                0x0000005e                __vector_19
                0x0000005e                __vector_7
                0x0000005e                __vector_5
                0x0000005e                __vector_4
                0x0000005e                __vector_9
                0x0000005e                __vector_2
                0x0000005e                __vector_15
                0x0000005e                __vector_8
                0x0000005e                __vector_14
                0x0000005e                __vector_10
                0x0000005e                __vector_16
                0x0000005e                __vector_18
                0x00000060                . = ALIGN (0x2)
 *(.text.*)
 .text.bytes_to_word
                0x00000060       0x14 bitmanip.o
                0x00000060                bytes_to_word
 .text.word_to_bytes
                0x00000074        0x8 bitmanip.o
                0x00000074                word_to_bytes
 .text.handle_tx
                0x0000007c        0x2 main.o
                0x0000007c                handle_tx
 .text.setup    0x0000007e       0x90 main.o
                0x0000007e                setup
 .text.__vector_1
                0x0000010e       0x5a main.o
                0x0000010e                __vector_1
 .text.send_message
                0x00000168       0x48 main.o
                0x00000168                send_message
 .text.get_data
                0x000001b0       0x4a main.o
                0x000001b0                get_data
 .text.forward_data
                0x000001fa       0x2e main.o
                0x000001fa                forward_data
 .text.COMMAND_HANDLER
                0x00000228      0x114 main.o
                0x00000228                COMMAND_HANDLER
 .text.handle_rx
                0x0000033c       0x62 main.o
                0x0000033c                handle_rx
 .text.main     0x0000039e        0xe main.o
                0x0000039e                main
 .text.mrf_reset
                0x000003ac       0x1e mrf24j.o
                0x000003ac                mrf_reset
 .text.mrf_read_short
                0x000003ca       0x22 mrf24j.o
                0x000003ca                mrf_read_short
 .text.mrf_read_long
                0x000003ec       0x36 mrf24j.o
                0x000003ec                mrf_read_long
 .text.mrf_write_short
                0x00000422       0x1a mrf24j.o
                0x00000422                mrf_write_short
 .text.mrf_write_long
                0x0000043c       0x2e mrf24j.o
                0x0000043c                mrf_write_long
 .text.mrf_get_pan
                0x0000046a       0x1e mrf24j.o
                0x0000046a                mrf_get_pan
 .text.mrf_set_pan
                0x00000488       0x14 mrf24j.o
                0x00000488                mrf_set_pan
 .text.mrf_address16_write
                0x0000049c       0x14 mrf24j.o
                0x0000049c                mrf_address16_write
 .text.mrf_address16_read
                0x000004b0       0x1e mrf24j.o
                0x000004b0                mrf_address16_read
 .text.mrf_send16
                0x000004ce       0xb8 mrf24j.o
                0x000004ce                mrf_send16
 .text.mrf_set_interrupts
                0x00000586        0xc mrf24j.o
                0x00000586                mrf_set_interrupts
 .text.mrf_set_channel
                0x00000592       0x1e mrf24j.o
                0x00000592                mrf_set_channel
 .text.mrf_init
                0x000005b0       0x88 mrf24j.o
                0x000005b0                mrf_init
 .text.mrf_check_flags
                0x00000638       0x34 mrf24j.o
                0x00000638                mrf_check_flags
 .text.mrf_rx_datalength
                0x0000066c        0xa mrf24j.o
                0x0000066c                mrf_rx_datalength
 .text.mrf_rx_disable
                0x00000676        0x8 mrf24j.o
                0x00000676                mrf_rx_disable
 .text.mrf_rx_enable
                0x0000067e        0x8 mrf24j.o
                0x0000067e                mrf_rx_enable
 .text.mrf_interrupt_handler
                0x00000686      0x118 mrf24j.o
                0x00000686                mrf_interrupt_handler
 .text.mrf_get_rxdata
                0x0000079e        0x6 mrf24j.o
                0x0000079e                mrf_get_rxdata
 .text.Set_Dest_Panid
                0x000007a4        0x4 Packet_Setup.o
                0x000007a4                Set_Dest_Panid
 .text.Set_Src_Panid
                0x000007a8        0x6 Packet_Setup.o
                0x000007a8                Set_Src_Panid
 .text.Set_Packet_Size
                0x000007ae        0x6 Packet_Setup.o
                0x000007ae                Set_Packet_Size
 .text.Set_Target_Node
                0x000007b4        0x6 Packet_Setup.o
                0x000007b4                Set_Target_Node
 .text.Set_Command
                0x000007ba       0x26 Packet_Setup.o
                0x000007ba                Set_Command
 .text.Set_Src_Node
                0x000007e0        0x8 Packet_Setup.o
                0x000007e0                Set_Src_Node
 .text.Add_Data
                0x000007e8        0x6 Packet_Setup.o
                0x000007e8                Add_Data
 .text.spi_setup
                0x000007ee        0x6 tinyspi.o
                0x000007ee                spi_setup
 .text.spi_transfer_byte
                0x000007f4       0x14 tinyspi.o
                0x000007f4                spi_transfer_byte
 .text.spi_transfer_nbytes
                0x00000808       0x6c tinyspi.o
                0x00000808                spi_transfer_nbytes
 .text.avr-libc
                0x00000874       0x12 c:/program files (x86)/atmel/studio/7.0/toolchain/avr8/avr8-gnu-toolchain/bin/../lib/gcc/avr/5.4.0/../../../../avr/lib/avr25\libc.a(memcpy.o)
                0x00000874                memcpy
                0x00000886                . = ALIGN (0x2)
 *(.fini9)
 .fini9         0x00000886        0x0 c:/program files (x86)/atmel/studio/7.0/toolchain/avr8/avr8-gnu-toolchain/bin/../lib/gcc/avr/5.4.0/avr25\libgcc.a(_exit.o)
                0x00000886                _exit
                0x00000886                exit
 *(.fini9)
 *(.fini8)
 *(.fini8)
 *(.fini7)
 *(.fini7)
 *(.fini6)
 *(.fini6)
 *(.fini5)
 *(.fini5)
 *(.fini4)
 *(.fini4)
 *(.fini3)
 *(.fini3)
 *(.fini2)
 *(.fini2)
 *(.fini1)
 *(.fini1)
 *(.fini0)
 .fini0         0x00000886        0x4 c:/program files (x86)/atmel/studio/7.0/toolchain/avr8/avr8-gnu-toolchain/bin/../lib/gcc/avr/5.4.0/avr25\libgcc.a(_exit.o)
 *(.fini0)
                0x0000088a                _etext = .

.data           0x00800100        0x2 load address 0x0000088a
                0x00800100                PROVIDE (__data_start, .)
 *(.data)
 *(.data*)
 .data.PAN_ID   0x00800100        0x2 main.o
                0x00800100                PAN_ID
 *(.gnu.linkonce.d*)
 *(.rodata)
 *(.rodata*)
 *(.gnu.linkonce.r*)
                0x00800102                . = ALIGN (0x2)
                0x00800102                _edata = .
                0x00800102                PROVIDE (__data_end, .)

.bss            0x00800102      0x15c
                0x00800102                PROVIDE (__bss_start, .)
 *(.bss)
 *(.bss*)
 .bss.running_status
                0x00800102        0x1 main.o
                0x00800102                running_status
 .bss.mrf_spi_buffer
                0x00800103        0x3 mrf24j.o
 .bss.tx_info   0x00800106        0x1 mrf24j.o
 .bss.rx_info   0x00800107       0x77 mrf24j.o
 .bss.ignoreBytes
                0x0080017e        0x2 mrf24j.o
 .bss.rx_buf    0x00800180       0x7f mrf24j.o
 *(COMMON)
 COMMON         0x008001ff       0x5c main.o
                0x008001ff                node_status
                0x00800200                active_command
                0x00800202                recieved_data_buffer
                0x0080022a                transmit_data_buffer
                0x00800252                neighbor_status
                0x00800253                recieved_command_header
                0x00800255                transmit_command_header
                0x00800257                mrf_reg_TXSTAT
                0x00800258                isr_lock
                0x00800259                target_address
                0x0080025a                command_status
 COMMON         0x0080025b        0x3 mrf24j.o
                0x0080025b                mrf_flags
                0x0080025c                flag_got_tx
                0x0080025d                flag_got_rx
                0x0080025e                PROVIDE (__bss_end, .)
                0x0000088a                __data_load_start = LOADADDR (.data)
                0x0000088c                __data_load_end = (__data_load_start + SIZEOF (.data))

.noinit         0x0080025e        0x0
                [!provide]                PROVIDE (__noinit_start, .)
 *(.noinit*)
                [!provide]                PROVIDE (__noinit_end, .)
                0x0080025e                _end = .
                [!provide]                PROVIDE (__heap_start, .)

.eeprom         0x00810000        0x0
 *(.eeprom*)
                0x00810000                __eeprom_end = .

.fuse
 *(.fuse)
 *(.lfuse)
 *(.hfuse)
 *(.efuse)

.lock
 *(.lock*)

.signature
 *(.signature*)

.user_signatures
 *(.user_signatures*)

.stab
 *(.stab)

.stabstr
 *(.stabstr)

.stab.excl
 *(.stab.excl)

.stab.exclstr
 *(.stab.exclstr)

.stab.index
 *(.stab.index)

.stab.indexstr
 *(.stab.indexstr)

.comment        0x00000000       0x30
 *(.comment)
 .comment       0x00000000       0x30 bitmanip.o
                                 0x31 (size before relaxing)
 .comment       0x00000030       0x31 main.o
 .comment       0x00000030       0x31 mrf24j.o
 .comment       0x00000030       0x31 Packet_Setup.o
 .comment       0x00000030       0x31 tinyspi.o

.note.gnu.avr.deviceinfo
                0x00000000       0x3c
 .note.gnu.avr.deviceinfo
                0x00000000       0x3c C:/Program Files (x86)/Atmel/Studio/7.0/Packs/atmel/ATtiny_DFP/1.3.172/gcc/dev/attiny88/avr25/crtattiny88.o

.note.gnu.build-id
 *(.note.gnu.build-id)

.debug
 *(.debug)

.line
 *(.line)

.debug_srcinfo
 *(.debug_srcinfo)

.debug_sfnames
 *(.debug_sfnames)

.debug_aranges  0x00000000      0x230
 *(.debug_aranges)
 .debug_aranges
                0x00000000       0x38 bitmanip.o
 .debug_aranges
                0x00000038       0x70 main.o
 .debug_aranges
                0x000000a8      0x100 mrf24j.o
 .debug_aranges
                0x000001a8       0x50 Packet_Setup.o
 .debug_aranges
                0x000001f8       0x38 tinyspi.o

.debug_pubnames
 *(.debug_pubnames)

.debug_info     0x00000000     0x25cf
 *(.debug_info .gnu.linkonce.wi.*)
 .debug_info    0x00000000      0x576 C:/Program Files (x86)/Atmel/Studio/7.0/Packs/atmel/ATtiny_DFP/1.3.172/gcc/dev/attiny88/avr25/crtattiny88.o
 .debug_info    0x00000576      0x1a5 bitmanip.o
 .debug_info    0x0000071b      0xbe5 main.o
 .debug_info    0x00001300      0xe66 mrf24j.o
 .debug_info    0x00002166      0x30e Packet_Setup.o
 .debug_info    0x00002474      0x15b tinyspi.o

.debug_abbrev   0x00000000      0xc4d
 *(.debug_abbrev)
 .debug_abbrev  0x00000000      0x52b C:/Program Files (x86)/Atmel/Studio/7.0/Packs/atmel/ATtiny_DFP/1.3.172/gcc/dev/attiny88/avr25/crtattiny88.o
 .debug_abbrev  0x0000052b       0xe4 bitmanip.o
 .debug_abbrev  0x0000060f      0x1c0 main.o
 .debug_abbrev  0x000007cf      0x2e4 mrf24j.o
 .debug_abbrev  0x00000ab3       0xcc Packet_Setup.o
 .debug_abbrev  0x00000b7f       0xce tinyspi.o

.debug_line     0x00000000      0xf40
 *(.debug_line .debug_line.* .debug_line_end)
 .debug_line    0x00000000      0x10f C:/Program Files (x86)/Atmel/Studio/7.0/Packs/atmel/ATtiny_DFP/1.3.172/gcc/dev/attiny88/avr25/crtattiny88.o
 .debug_line    0x0000010f      0x10f bitmanip.o
 .debug_line    0x0000021e      0x45d main.o
 .debug_line    0x0000067b      0x648 mrf24j.o
 .debug_line    0x00000cc3      0x153 Packet_Setup.o
 .debug_line    0x00000e16      0x12a tinyspi.o

.debug_frame    0x00000000      0x584
 *(.debug_frame)
 .debug_frame   0x00000000       0x54 bitmanip.o
 .debug_frame   0x00000054      0x194 main.o
 .debug_frame   0x000001e8      0x280 mrf24j.o
 .debug_frame   0x00000468       0xa0 Packet_Setup.o
 .debug_frame   0x00000508       0x7c tinyspi.o

.debug_str      0x00000000      0x90b
 *(.debug_str)
 .debug_str     0x00000000      0x1d9 C:/Program Files (x86)/Atmel/Studio/7.0/Packs/atmel/ATtiny_DFP/1.3.172/gcc/dev/attiny88/avr25/crtattiny88.o
 .debug_str     0x000001d9      0x1a7 bitmanip.o
                                0x1e6 (size before relaxing)
 .debug_str     0x00000380      0x2c8 main.o
                                0x480 (size before relaxing)
 .debug_str     0x00000648      0x249 mrf24j.o
                                0x509 (size before relaxing)
 .debug_str     0x00000891       0x3d Packet_Setup.o
                                0x248 (size before relaxing)
 .debug_str     0x000008ce       0x3d tinyspi.o
                                0x1e0 (size before relaxing)

.debug_loc      0x00000000     0x16d4
 *(.debug_loc)
 .debug_loc     0x00000000      0x148 bitmanip.o
 .debug_loc     0x00000148      0x8f4 main.o
 .debug_loc     0x00000a3c      0x833 mrf24j.o
 .debug_loc     0x0000126f      0x2d9 Packet_Setup.o
 .debug_loc     0x00001548      0x18c tinyspi.o

.debug_macinfo
 *(.debug_macinfo)

.debug_weaknames
 *(.debug_weaknames)

.debug_funcnames
 *(.debug_funcnames)

.debug_typenames
 *(.debug_typenames)

.debug_varnames
 *(.debug_varnames)

.debug_pubtypes
 *(.debug_pubtypes)

.debug_ranges   0x00000000      0x1e0
 *(.debug_ranges)
 .debug_ranges  0x00000000       0x28 bitmanip.o
 .debug_ranges  0x00000028       0x60 main.o
 .debug_ranges  0x00000088       0xf0 mrf24j.o
 .debug_ranges  0x00000178       0x40 Packet_Setup.o
 .debug_ranges  0x000001b8       0x28 tinyspi.o

.debug_macro
 *(.debug_macro)
OUTPUT(3WayRelay-1.elf elf32-avr)
LOAD linker stubs
