Archive member included to satisfy reference by file (symbol)

c:/program files (x86)/atmel/studio/7.0/toolchain/avr8/avr8-gnu-toolchain/bin/../lib/gcc/avr/5.4.0/avr25\libgcc.a(_exit.o)
                              C:/Program Files (x86)/Atmel/Studio/7.0/Packs/atmel/ATtiny_DFP/1.3.172/gcc/dev/attiny88/avr25/crtattiny88.o (exit)
c:/program files (x86)/atmel/studio/7.0/toolchain/avr8/avr8-gnu-toolchain/bin/../lib/gcc/avr/5.4.0/avr25\libgcc.a(_copy_data.o)
                              main.o (__do_copy_data)
c:/program files (x86)/atmel/studio/7.0/toolchain/avr8/avr8-gnu-toolchain/bin/../lib/gcc/avr/5.4.0/avr25\libgcc.a(_clear_bss.o)
                              main.o (__do_clear_bss)
c:/program files (x86)/atmel/studio/7.0/toolchain/avr8/avr8-gnu-toolchain/bin/../lib/gcc/avr/5.4.0/../../../../avr/lib/avr25\libc.a(memcpy.o)
                              main.o (memcpy)

Allocating common symbols
Common symbol       size              file

mrf_flags           0x1               mrf24j.o
flag_got_tx         0x1               mrf24j.o
transmit_data_buffer
                    0x28              main.o
downstairs_neighbor
                    0x6               main.o
flag_got_rx         0x1               mrf24j.o
mrf_reg_TXSTAT      0x1               main.o
isr_lock            0x1               main.o
upstairs_neighbor   0x6               main.o
received_data_buffer
                    0x28              main.o

Discarded input sections

 .data          0x00000000        0x0 C:/Program Files (x86)/Atmel/Studio/7.0/Packs/atmel/ATtiny_DFP/1.3.172/gcc/dev/attiny88/avr25/crtattiny88.o
 .bss           0x00000000        0x0 C:/Program Files (x86)/Atmel/Studio/7.0/Packs/atmel/ATtiny_DFP/1.3.172/gcc/dev/attiny88/avr25/crtattiny88.o
 .text          0x00000000        0x0 bitmanip.o
 .data          0x00000000        0x0 bitmanip.o
 .bss           0x00000000        0x0 bitmanip.o
 .text.pack_12bit
                0x00000000       0x2e bitmanip.o
 .text.unpack_12bit
                0x00000000       0x40 bitmanip.o
 .text          0x00000000        0x0 main.o
 .data          0x00000000        0x0 main.o
 .bss           0x00000000        0x0 main.o
 .text.set_downstairs_neighbor
                0x00000000       0x18 main.o
 .bss.neighbor_count
                0x00000000        0x1 main.o
 .data.pi_address
                0x00000000        0x2 main.o
 .data.node_list
                0x00000000        0x6 main.o
 .text          0x00000000        0x0 mrf24j.o
 .data          0x00000000        0x0 mrf24j.o
 .bss           0x00000000        0x0 mrf24j.o
 .text.mrf_set_promiscuous
                0x00000000       0x14 mrf24j.o
 .text.mrf_get_rxinfo
                0x00000000        0xc mrf24j.o
 .text.mrf_get_txinfo
                0x00000000        0xc mrf24j.o
 .text.mrf_get_rxbuf
                0x00000000        0x6 mrf24j.o
 .text.mrf_set_ignoreBytes
                0x00000000        0xa mrf24j.o
 .text.mrf_set_bufferPHY
                0x00000000       0x1c mrf24j.o
 .text.mrf_get_bufferPHY
                0x00000000        0x8 mrf24j.o
 .text.mrf_set_palna
                0x00000000       0x18 mrf24j.o
 .text.mrf_rx_flush
                0x00000000        0x8 mrf24j.o
 .text.mrf_tx_ok
                0x00000000        0x8 mrf24j.o
 .text          0x00000000        0x0 Packet_Setup.o
 .data          0x00000000        0x0 Packet_Setup.o
 .bss           0x00000000        0x0 Packet_Setup.o
 .text.clear_buffer
                0x00000000        0xc Packet_Setup.o
 .text.Pk_Add_Data
                0x00000000        0x6 Packet_Setup.o
 .text          0x00000000        0x0 tinyspi.o
 .data          0x00000000        0x0 tinyspi.o
 .bss           0x00000000        0x0 tinyspi.o
 .text.spi_set_data_direction
                0x00000000       0x14 tinyspi.o
 .text          0x00000000        0x0 c:/program files (x86)/atmel/studio/7.0/toolchain/avr8/avr8-gnu-toolchain/bin/../lib/gcc/avr/5.4.0/avr25\libgcc.a(_exit.o)
 .data          0x00000000        0x0 c:/program files (x86)/atmel/studio/7.0/toolchain/avr8/avr8-gnu-toolchain/bin/../lib/gcc/avr/5.4.0/avr25\libgcc.a(_exit.o)
 .bss           0x00000000        0x0 c:/program files (x86)/atmel/studio/7.0/toolchain/avr8/avr8-gnu-toolchain/bin/../lib/gcc/avr/5.4.0/avr25\libgcc.a(_exit.o)
 .text.libgcc.mul
                0x00000000        0x0 c:/program files (x86)/atmel/studio/7.0/toolchain/avr8/avr8-gnu-toolchain/bin/../lib/gcc/avr/5.4.0/avr25\libgcc.a(_exit.o)
 .text.libgcc.div
                0x00000000        0x0 c:/program files (x86)/atmel/studio/7.0/toolchain/avr8/avr8-gnu-toolchain/bin/../lib/gcc/avr/5.4.0/avr25\libgcc.a(_exit.o)
 .text.libgcc   0x00000000        0x0 c:/program files (x86)/atmel/studio/7.0/toolchain/avr8/avr8-gnu-toolchain/bin/../lib/gcc/avr/5.4.0/avr25\libgcc.a(_exit.o)
 .text.libgcc.prologue
                0x00000000        0x0 c:/program files (x86)/atmel/studio/7.0/toolchain/avr8/avr8-gnu-toolchain/bin/../lib/gcc/avr/5.4.0/avr25\libgcc.a(_exit.o)
 .text.libgcc.builtins
                0x00000000        0x0 c:/program files (x86)/atmel/studio/7.0/toolchain/avr8/avr8-gnu-toolchain/bin/../lib/gcc/avr/5.4.0/avr25\libgcc.a(_exit.o)
 .text.libgcc.fmul
                0x00000000        0x0 c:/program files (x86)/atmel/studio/7.0/toolchain/avr8/avr8-gnu-toolchain/bin/../lib/gcc/avr/5.4.0/avr25\libgcc.a(_exit.o)
 .text.libgcc.fixed
                0x00000000        0x0 c:/program files (x86)/atmel/studio/7.0/toolchain/avr8/avr8-gnu-toolchain/bin/../lib/gcc/avr/5.4.0/avr25\libgcc.a(_exit.o)
 .text          0x00000000        0x0 c:/program files (x86)/atmel/studio/7.0/toolchain/avr8/avr8-gnu-toolchain/bin/../lib/gcc/avr/5.4.0/avr25\libgcc.a(_copy_data.o)
 .data          0x00000000        0x0 c:/program files (x86)/atmel/studio/7.0/toolchain/avr8/avr8-gnu-toolchain/bin/../lib/gcc/avr/5.4.0/avr25\libgcc.a(_copy_data.o)
 .bss           0x00000000        0x0 c:/program files (x86)/atmel/studio/7.0/toolchain/avr8/avr8-gnu-toolchain/bin/../lib/gcc/avr/5.4.0/avr25\libgcc.a(_copy_data.o)
 .text.libgcc.mul
                0x00000000        0x0 c:/program files (x86)/atmel/studio/7.0/toolchain/avr8/avr8-gnu-toolchain/bin/../lib/gcc/avr/5.4.0/avr25\libgcc.a(_copy_data.o)
 .text.libgcc.div
                0x00000000        0x0 c:/program files (x86)/atmel/studio/7.0/toolchain/avr8/avr8-gnu-toolchain/bin/../lib/gcc/avr/5.4.0/avr25\libgcc.a(_copy_data.o)
 .text.libgcc   0x00000000        0x0 c:/program files (x86)/atmel/studio/7.0/toolchain/avr8/avr8-gnu-toolchain/bin/../lib/gcc/avr/5.4.0/avr25\libgcc.a(_copy_data.o)
 .text.libgcc.prologue
                0x00000000        0x0 c:/program files (x86)/atmel/studio/7.0/toolchain/avr8/avr8-gnu-toolchain/bin/../lib/gcc/avr/5.4.0/avr25\libgcc.a(_copy_data.o)
 .text.libgcc.builtins
                0x00000000        0x0 c:/program files (x86)/atmel/studio/7.0/toolchain/avr8/avr8-gnu-toolchain/bin/../lib/gcc/avr/5.4.0/avr25\libgcc.a(_copy_data.o)
 .text.libgcc.fmul
                0x00000000        0x0 c:/program files (x86)/atmel/studio/7.0/toolchain/avr8/avr8-gnu-toolchain/bin/../lib/gcc/avr/5.4.0/avr25\libgcc.a(_copy_data.o)
 .text.libgcc.fixed
                0x00000000        0x0 c:/program files (x86)/atmel/studio/7.0/toolchain/avr8/avr8-gnu-toolchain/bin/../lib/gcc/avr/5.4.0/avr25\libgcc.a(_copy_data.o)
 .text          0x00000000        0x0 c:/program files (x86)/atmel/studio/7.0/toolchain/avr8/avr8-gnu-toolchain/bin/../lib/gcc/avr/5.4.0/avr25\libgcc.a(_clear_bss.o)
 .data          0x00000000        0x0 c:/program files (x86)/atmel/studio/7.0/toolchain/avr8/avr8-gnu-toolchain/bin/../lib/gcc/avr/5.4.0/avr25\libgcc.a(_clear_bss.o)
 .bss           0x00000000        0x0 c:/program files (x86)/atmel/studio/7.0/toolchain/avr8/avr8-gnu-toolchain/bin/../lib/gcc/avr/5.4.0/avr25\libgcc.a(_clear_bss.o)
 .text.libgcc.mul
                0x00000000        0x0 c:/program files (x86)/atmel/studio/7.0/toolchain/avr8/avr8-gnu-toolchain/bin/../lib/gcc/avr/5.4.0/avr25\libgcc.a(_clear_bss.o)
 .text.libgcc.div
                0x00000000        0x0 c:/program files (x86)/atmel/studio/7.0/toolchain/avr8/avr8-gnu-toolchain/bin/../lib/gcc/avr/5.4.0/avr25\libgcc.a(_clear_bss.o)
 .text.libgcc   0x00000000        0x0 c:/program files (x86)/atmel/studio/7.0/toolchain/avr8/avr8-gnu-toolchain/bin/../lib/gcc/avr/5.4.0/avr25\libgcc.a(_clear_bss.o)
 .text.libgcc.prologue
                0x00000000        0x0 c:/program files (x86)/atmel/studio/7.0/toolchain/avr8/avr8-gnu-toolchain/bin/../lib/gcc/avr/5.4.0/avr25\libgcc.a(_clear_bss.o)
 .text.libgcc.builtins
                0x00000000        0x0 c:/program files (x86)/atmel/studio/7.0/toolchain/avr8/avr8-gnu-toolchain/bin/../lib/gcc/avr/5.4.0/avr25\libgcc.a(_clear_bss.o)
 .text.libgcc.fmul
                0x00000000        0x0 c:/program files (x86)/atmel/studio/7.0/toolchain/avr8/avr8-gnu-toolchain/bin/../lib/gcc/avr/5.4.0/avr25\libgcc.a(_clear_bss.o)
 .text.libgcc.fixed
                0x00000000        0x0 c:/program files (x86)/atmel/studio/7.0/toolchain/avr8/avr8-gnu-toolchain/bin/../lib/gcc/avr/5.4.0/avr25\libgcc.a(_clear_bss.o)
 .text          0x00000000        0x0 c:/program files (x86)/atmel/studio/7.0/toolchain/avr8/avr8-gnu-toolchain/bin/../lib/gcc/avr/5.4.0/../../../../avr/lib/avr25\libc.a(memcpy.o)
 .data          0x00000000        0x0 c:/program files (x86)/atmel/studio/7.0/toolchain/avr8/avr8-gnu-toolchain/bin/../lib/gcc/avr/5.4.0/../../../../avr/lib/avr25\libc.a(memcpy.o)
 .bss           0x00000000        0x0 c:/program files (x86)/atmel/studio/7.0/toolchain/avr8/avr8-gnu-toolchain/bin/../lib/gcc/avr/5.4.0/../../../../avr/lib/avr25\libc.a(memcpy.o)

Memory Configuration

Name             Origin             Length             Attributes
text             0x00000000         0x00002000         xr
data             0x00800060         0x0000ffa0         rw !x
eeprom           0x00810000         0x00010000         rw !x
fuse             0x00820000         0x00000003         rw !x
lock             0x00830000         0x00000400         rw !x
signature        0x00840000         0x00000400         rw !x
user_signatures  0x00850000         0x00000400         rw !x
*default*        0x00000000         0xffffffff

Linker script and memory map

Address of section .data set to 0x800100
LOAD C:/Program Files (x86)/Atmel/Studio/7.0/Packs/atmel/ATtiny_DFP/1.3.172/gcc/dev/attiny88/avr25/crtattiny88.o
LOAD bitmanip.o
LOAD main.o
LOAD mrf24j.o
LOAD Packet_Setup.o
LOAD tinyspi.o
START GROUP
LOAD c:/program files (x86)/atmel/studio/7.0/toolchain/avr8/avr8-gnu-toolchain/bin/../lib/gcc/avr/5.4.0/../../../../avr/lib/avr25\libm.a
END GROUP
START GROUP
LOAD c:/program files (x86)/atmel/studio/7.0/toolchain/avr8/avr8-gnu-toolchain/bin/../lib/gcc/avr/5.4.0/avr25\libgcc.a
LOAD c:/program files (x86)/atmel/studio/7.0/toolchain/avr8/avr8-gnu-toolchain/bin/../lib/gcc/avr/5.4.0/../../../../avr/lib/avr25\libm.a
LOAD c:/program files (x86)/atmel/studio/7.0/toolchain/avr8/avr8-gnu-toolchain/bin/../lib/gcc/avr/5.4.0/../../../../avr/lib/avr25\libc.a
LOAD C:/Program Files (x86)/Atmel/Studio/7.0/Packs/atmel/ATtiny_DFP/1.3.172/gcc/dev/attiny88/avr25\libattiny88.a
END GROUP
                0x00002000                __TEXT_REGION_LENGTH__ = DEFINED (__TEXT_REGION_LENGTH__)?__TEXT_REGION_LENGTH__:0x2000
                0x0000ffa0                __DATA_REGION_LENGTH__ = DEFINED (__DATA_REGION_LENGTH__)?__DATA_REGION_LENGTH__:0xffa0
                0x00010000                __EEPROM_REGION_LENGTH__ = DEFINED (__EEPROM_REGION_LENGTH__)?__EEPROM_REGION_LENGTH__:0x10000
                [0x00000003]                __FUSE_REGION_LENGTH__ = DEFINED (__FUSE_REGION_LENGTH__)?__FUSE_REGION_LENGTH__:0x400
                0x00000400                __LOCK_REGION_LENGTH__ = DEFINED (__LOCK_REGION_LENGTH__)?__LOCK_REGION_LENGTH__:0x400
                0x00000400                __SIGNATURE_REGION_LENGTH__ = DEFINED (__SIGNATURE_REGION_LENGTH__)?__SIGNATURE_REGION_LENGTH__:0x400
                0x00000400                __USER_SIGNATURE_REGION_LENGTH__ = DEFINED (__USER_SIGNATURE_REGION_LENGTH__)?__USER_SIGNATURE_REGION_LENGTH__:0x400

.hash
 *(.hash)

.dynsym
 *(.dynsym)

.dynstr
 *(.dynstr)

.gnu.version
 *(.gnu.version)

.gnu.version_d
 *(.gnu.version_d)

.gnu.version_r
 *(.gnu.version_r)

.rel.init
 *(.rel.init)

.rela.init
 *(.rela.init)

.rel.text
 *(.rel.text)
 *(.rel.text.*)
 *(.rel.gnu.linkonce.t*)

.rela.text
 *(.rela.text)
 *(.rela.text.*)
 *(.rela.gnu.linkonce.t*)

.rel.fini
 *(.rel.fini)

.rela.fini
 *(.rela.fini)

.rel.rodata
 *(.rel.rodata)
 *(.rel.rodata.*)
 *(.rel.gnu.linkonce.r*)

.rela.rodata
 *(.rela.rodata)
 *(.rela.rodata.*)
 *(.rela.gnu.linkonce.r*)

.rel.data
 *(.rel.data)
 *(.rel.data.*)
 *(.rel.gnu.linkonce.d*)

.rela.data
 *(.rela.data)
 *(.rela.data.*)
 *(.rela.gnu.linkonce.d*)

.rel.ctors
 *(.rel.ctors)

.rela.ctors
 *(.rela.ctors)

.rel.dtors
 *(.rel.dtors)

.rela.dtors
 *(.rela.dtors)

.rel.got
 *(.rel.got)

.rela.got
 *(.rela.got)

.rel.bss
 *(.rel.bss)

.rela.bss
 *(.rela.bss)

.rel.plt
 *(.rel.plt)

.rela.plt
 *(.rela.plt)

.text           0x00000000      0x726
 *(.vectors)
 .vectors       0x00000000       0x28 C:/Program Files (x86)/Atmel/Studio/7.0/Packs/atmel/ATtiny_DFP/1.3.172/gcc/dev/attiny88/avr25/crtattiny88.o
                0x00000000                __vector_default
                0x00000000                __vectors
 *(.vectors)
 *(.progmem.gcc*)
                0x00000028                . = ALIGN (0x2)
                0x00000028                __trampolines_start = .
 *(.trampolines)
 .trampolines   0x00000028        0x0 linker stubs
 *(.trampolines*)
                0x00000028                __trampolines_end = .
 *libprintf_flt.a:*(.progmem.data)
 *libc.a:*(.progmem.data)
 *(.progmem*)
                0x00000028                . = ALIGN (0x2)
 *(.jumptables)
 *(.jumptables*)
 *(.lowtext)
 *(.lowtext*)
                0x00000028                __ctors_start = .
 *(.ctors)
                0x00000028                __ctors_end = .
                0x00000028                __dtors_start = .
 *(.dtors)
                0x00000028                __dtors_end = .
 SORT(*)(.ctors)
 SORT(*)(.dtors)
 *(.init0)
 .init0         0x00000028        0x0 C:/Program Files (x86)/Atmel/Studio/7.0/Packs/atmel/ATtiny_DFP/1.3.172/gcc/dev/attiny88/avr25/crtattiny88.o
                0x00000028                __init
 *(.init0)
 *(.init1)
 *(.init1)
 *(.init2)
 .init2         0x00000028        0xc C:/Program Files (x86)/Atmel/Studio/7.0/Packs/atmel/ATtiny_DFP/1.3.172/gcc/dev/attiny88/avr25/crtattiny88.o
 *(.init2)
 *(.init3)
 *(.init3)
 *(.init4)
 .init4         0x00000034       0x16 c:/program files (x86)/atmel/studio/7.0/toolchain/avr8/avr8-gnu-toolchain/bin/../lib/gcc/avr/5.4.0/avr25\libgcc.a(_copy_data.o)
                0x00000034                __do_copy_data
 .init4         0x0000004a       0x10 c:/program files (x86)/atmel/studio/7.0/toolchain/avr8/avr8-gnu-toolchain/bin/../lib/gcc/avr/5.4.0/avr25\libgcc.a(_clear_bss.o)
                0x0000004a                __do_clear_bss
 *(.init4)
 *(.init5)
 *(.init5)
 *(.init6)
 *(.init6)
 *(.init7)
 *(.init7)
 *(.init8)
 *(.init8)
 *(.init9)
 .init9         0x0000005a        0x4 C:/Program Files (x86)/Atmel/Studio/7.0/Packs/atmel/ATtiny_DFP/1.3.172/gcc/dev/attiny88/avr25/crtattiny88.o
 *(.init9)
 *(.text)
 .text          0x0000005e        0x2 C:/Program Files (x86)/Atmel/Studio/7.0/Packs/atmel/ATtiny_DFP/1.3.172/gcc/dev/attiny88/avr25/crtattiny88.o
                0x0000005e                __vector_12
                0x0000005e                __bad_interrupt
                0x0000005e                __vector_6
                0x0000005e                __vector_3
                0x0000005e                __vector_11
                0x0000005e                __vector_13
                0x0000005e                __vector_17
                0x0000005e                __vector_19
                0x0000005e                __vector_7
                0x0000005e                __vector_5
                0x0000005e                __vector_4
                0x0000005e                __vector_9
                0x0000005e                __vector_2
                0x0000005e                __vector_15
                0x0000005e                __vector_8
                0x0000005e                __vector_14
                0x0000005e                __vector_10
                0x0000005e                __vector_16
                0x0000005e                __vector_18
                0x00000060                . = ALIGN (0x2)
 *(.text.*)
 .text.bytes_to_word
                0x00000060       0x14 bitmanip.o
                0x00000060                bytes_to_word
 .text.word_to_bytes
                0x00000074        0x8 bitmanip.o
                0x00000074                word_to_bytes
 .text.handle_tx
                0x0000007c       0x1e main.o
                0x0000007c                handle_tx
 .text.__vector_1
                0x0000009a       0x5a main.o
                0x0000009a                __vector_1
 .text.setup    0x000000f4       0x6e main.o
                0x000000f4                setup
 .text.send_message
                0x00000162       0x46 main.o
                0x00000162                send_message
 .text.setup_network
                0x000001a8        0xc main.o
                0x000001a8                setup_network
 .text.COMMAND_HANDLER
                0x000001b4       0x38 main.o
                0x000001b4                COMMAND_HANDLER
 .text.handle_rx
                0x000001ec       0x50 main.o
                0x000001ec                handle_rx
 .text.main     0x0000023c        0xe main.o
                0x0000023c                main
 .text.mrf_reset
                0x0000024a       0x1e mrf24j.o
                0x0000024a                mrf_reset
 .text.mrf_read_short
                0x00000268       0x22 mrf24j.o
                0x00000268                mrf_read_short
 .text.mrf_read_long
                0x0000028a       0x36 mrf24j.o
                0x0000028a                mrf_read_long
 .text.mrf_write_short
                0x000002c0       0x1a mrf24j.o
                0x000002c0                mrf_write_short
 .text.mrf_write_long
                0x000002da       0x2e mrf24j.o
                0x000002da                mrf_write_long
 .text.mrf_get_pan
                0x00000308       0x1e mrf24j.o
                0x00000308                mrf_get_pan
 .text.mrf_set_pan
                0x00000326       0x14 mrf24j.o
                0x00000326                mrf_set_pan
 .text.mrf_address16_write
                0x0000033a       0x14 mrf24j.o
                0x0000033a                mrf_address16_write
 .text.mrf_address16_read
                0x0000034e       0x1e mrf24j.o
                0x0000034e                mrf_address16_read
 .text.mrf_send16
                0x0000036c       0xca mrf24j.o
                0x0000036c                mrf_send16
 .text.mrf_set_interrupts
                0x00000436        0xc mrf24j.o
                0x00000436                mrf_set_interrupts
 .text.mrf_set_channel
                0x00000442       0x1e mrf24j.o
                0x00000442                mrf_set_channel
 .text.mrf_init
                0x00000460       0x88 mrf24j.o
                0x00000460                mrf_init
 .text.mrf_check_flags
                0x000004e8       0x34 mrf24j.o
                0x000004e8                mrf_check_flags
 .text.mrf_rx_datalength
                0x0000051c        0xa mrf24j.o
                0x0000051c                mrf_rx_datalength
 .text.mrf_rx_disable
                0x00000526        0x8 mrf24j.o
                0x00000526                mrf_rx_disable
 .text.mrf_rx_enable
                0x0000052e        0x8 mrf24j.o
                0x0000052e                mrf_rx_enable
 .text.mrf_interrupt_handler
                0x00000536      0x118 mrf24j.o
                0x00000536                mrf_interrupt_handler
 .text.mrf_get_rxdata
                0x0000064e        0x6 mrf24j.o
                0x0000064e                mrf_get_rxdata
 .text.Pk_Set_Packet_Size
                0x00000654        0x6 Packet_Setup.o
                0x00000654                Pk_Set_Packet_Size
 .text.Pk_Set_Target_Node
                0x0000065a        0x4 Packet_Setup.o
                0x0000065a                Pk_Set_Target_Node
 .text.Pk_Set_Command
                0x0000065e       0x26 Packet_Setup.o
                0x0000065e                Pk_Set_Command
 .text.Pk_Set_Src_Node
                0x00000684        0x6 Packet_Setup.o
                0x00000684                Pk_Set_Src_Node
 .text.spi_setup
                0x0000068a        0x6 tinyspi.o
                0x0000068a                spi_setup
 .text.spi_transfer_byte
                0x00000690       0x14 tinyspi.o
                0x00000690                spi_transfer_byte
 .text.spi_transfer_nbytes
                0x000006a4       0x6c tinyspi.o
                0x000006a4                spi_transfer_nbytes
 .text.avr-libc
                0x00000710       0x12 c:/program files (x86)/atmel/studio/7.0/toolchain/avr8/avr8-gnu-toolchain/bin/../lib/gcc/avr/5.4.0/../../../../avr/lib/avr25\libc.a(memcpy.o)
                0x00000710                memcpy
                0x00000722                . = ALIGN (0x2)
 *(.fini9)
 .fini9         0x00000722        0x0 c:/program files (x86)/atmel/studio/7.0/toolchain/avr8/avr8-gnu-toolchain/bin/../lib/gcc/avr/5.4.0/avr25\libgcc.a(_exit.o)
                0x00000722                _exit
                0x00000722                exit
 *(.fini9)
 *(.fini8)
 *(.fini8)
 *(.fini7)
 *(.fini7)
 *(.fini6)
 *(.fini6)
 *(.fini5)
 *(.fini5)
 *(.fini4)
 *(.fini4)
 *(.fini3)
 *(.fini3)
 *(.fini2)
 *(.fini2)
 *(.fini1)
 *(.fini1)
 *(.fini0)
 .fini0         0x00000722        0x4 c:/program files (x86)/atmel/studio/7.0/toolchain/avr8/avr8-gnu-toolchain/bin/../lib/gcc/avr/5.4.0/avr25\libgcc.a(_exit.o)
 *(.fini0)
                0x00000726                _etext = .

.data           0x00800100        0x0 load address 0x00000726
                0x00800100                PROVIDE (__data_start, .)
 *(.data)
 *(.data*)
 *(.gnu.linkonce.d*)
 *(.rodata)
 *(.rodata*)
 *(.gnu.linkonce.r*)
                0x00800100                . = ALIGN (0x2)
                0x00800100                _edata = .
                0x00800100                PROVIDE (__data_end, .)

.bss            0x00800100      0x15e
                0x00800100                PROVIDE (__bss_start, .)
 *(.bss)
 *(.bss*)
 .bss.running_status
                0x00800100        0x1 main.o
                0x00800100                running_status
 .bss.mrf_spi_buffer
                0x00800101        0x3 mrf24j.o
 .bss.tx_info   0x00800104        0x1 mrf24j.o
 .bss.rx_info   0x00800105       0x77 mrf24j.o
 .bss.ignoreBytes
                0x0080017c        0x2 mrf24j.o
 .bss.rx_buf    0x0080017e       0x7f mrf24j.o
 *(COMMON)
 COMMON         0x008001fd       0x5e main.o
                0x008001fd                transmit_data_buffer
                0x00800225                downstairs_neighbor
                0x0080022b                mrf_reg_TXSTAT
                0x0080022c                isr_lock
                0x0080022d                upstairs_neighbor
                0x00800233                received_data_buffer
 COMMON         0x0080025b        0x3 mrf24j.o
                0x0080025b                mrf_flags
                0x0080025c                flag_got_tx
                0x0080025d                flag_got_rx
                0x0080025e                PROVIDE (__bss_end, .)
                0x00000726                __data_load_start = LOADADDR (.data)
                0x00000726                __data_load_end = (__data_load_start + SIZEOF (.data))

.noinit         0x0080025e        0x0
                [!provide]                PROVIDE (__noinit_start, .)
 *(.noinit*)
                [!provide]                PROVIDE (__noinit_end, .)
                0x0080025e                _end = .
                [!provide]                PROVIDE (__heap_start, .)

.eeprom         0x00810000        0x0
 *(.eeprom*)
                0x00810000                __eeprom_end = .

.fuse
 *(.fuse)
 *(.lfuse)
 *(.hfuse)
 *(.efuse)

.lock
 *(.lock*)

.signature
 *(.signature*)

.user_signatures
 *(.user_signatures*)

.stab
 *(.stab)

.stabstr
 *(.stabstr)

.stab.excl
 *(.stab.excl)

.stab.exclstr
 *(.stab.exclstr)

.stab.index
 *(.stab.index)

.stab.indexstr
 *(.stab.indexstr)

.comment        0x00000000       0x30
 *(.comment)
 .comment       0x00000000       0x30 bitmanip.o
                                 0x31 (size before relaxing)
 .comment       0x00000030       0x31 main.o
 .comment       0x00000030       0x31 mrf24j.o
 .comment       0x00000030       0x31 Packet_Setup.o
 .comment       0x00000030       0x31 tinyspi.o

.note.gnu.avr.deviceinfo
                0x00000000       0x3c
 .note.gnu.avr.deviceinfo
                0x00000000       0x3c C:/Program Files (x86)/Atmel/Studio/7.0/Packs/atmel/ATtiny_DFP/1.3.172/gcc/dev/attiny88/avr25/crtattiny88.o

.note.gnu.build-id
 *(.note.gnu.build-id)

.debug
 *(.debug)

.line
 *(.line)

.debug_srcinfo
 *(.debug_srcinfo)

.debug_sfnames
 *(.debug_sfnames)

.debug_aranges  0x00000000      0x218
 *(.debug_aranges)
 .debug_aranges
                0x00000000       0x38 bitmanip.o
 .debug_aranges
                0x00000038       0x60 main.o
 .debug_aranges
                0x00000098      0x100 mrf24j.o
 .debug_aranges
                0x00000198       0x48 Packet_Setup.o
 .debug_aranges
                0x000001e0       0x38 tinyspi.o

.debug_pubnames
 *(.debug_pubnames)

.debug_info     0x00000000     0x216c
 *(.debug_info .gnu.linkonce.wi.*)
 .debug_info    0x00000000      0x576 C:/Program Files (x86)/Atmel/Studio/7.0/Packs/atmel/ATtiny_DFP/1.3.172/gcc/dev/attiny88/avr25/crtattiny88.o
 .debug_info    0x00000576      0x1a5 bitmanip.o
 .debug_info    0x0000071b      0x7d7 main.o
 .debug_info    0x00000ef2      0xe92 mrf24j.o
 .debug_info    0x00001d84      0x28d Packet_Setup.o
 .debug_info    0x00002011      0x15b tinyspi.o

.debug_abbrev   0x00000000      0xc86
 *(.debug_abbrev)
 .debug_abbrev  0x00000000      0x52b C:/Program Files (x86)/Atmel/Studio/7.0/Packs/atmel/ATtiny_DFP/1.3.172/gcc/dev/attiny88/avr25/crtattiny88.o
 .debug_abbrev  0x0000052b       0xe4 bitmanip.o
 .debug_abbrev  0x0000060f      0x1f9 main.o
 .debug_abbrev  0x00000808      0x2e4 mrf24j.o
 .debug_abbrev  0x00000aec       0xcc Packet_Setup.o
 .debug_abbrev  0x00000bb8       0xce tinyspi.o

.debug_line     0x00000000      0xe14
 *(.debug_line .debug_line.* .debug_line_end)
 .debug_line    0x00000000      0x10f C:/Program Files (x86)/Atmel/Studio/7.0/Packs/atmel/ATtiny_DFP/1.3.172/gcc/dev/attiny88/avr25/crtattiny88.o
 .debug_line    0x0000010f      0x10f bitmanip.o
 .debug_line    0x0000021e      0x341 main.o
 .debug_line    0x0000055f      0x64e mrf24j.o
 .debug_line    0x00000bad      0x13d Packet_Setup.o
 .debug_line    0x00000cea      0x12a tinyspi.o

.debug_frame    0x00000000      0x50c
 *(.debug_frame)
 .debug_frame   0x00000000       0x54 bitmanip.o
 .debug_frame   0x00000054      0x120 main.o
 .debug_frame   0x00000174      0x28c mrf24j.o
 .debug_frame   0x00000400       0x90 Packet_Setup.o
 .debug_frame   0x00000490       0x7c tinyspi.o

.debug_str      0x00000000      0x89c
 *(.debug_str)
 .debug_str     0x00000000      0x1d9 C:/Program Files (x86)/Atmel/Studio/7.0/Packs/atmel/ATtiny_DFP/1.3.172/gcc/dev/attiny88/avr25/crtattiny88.o
 .debug_str     0x000001d9      0x199 bitmanip.o
                                0x1d8 (size before relaxing)
 .debug_str     0x00000372      0x24e main.o
                                0x410 (size before relaxing)
 .debug_str     0x000005c0      0x249 mrf24j.o
                                0x4fb (size before relaxing)
 .debug_str     0x00000809       0x56 Packet_Setup.o
                                0x233 (size before relaxing)
 .debug_str     0x0000085f       0x3d tinyspi.o
                                0x1d2 (size before relaxing)

.debug_loc      0x00000000     0x1258
 *(.debug_loc)
 .debug_loc     0x00000000      0x148 bitmanip.o
 .debug_loc     0x00000148      0x4df main.o
 .debug_loc     0x00000627      0x879 mrf24j.o
 .debug_loc     0x00000ea0      0x22c Packet_Setup.o
 .debug_loc     0x000010cc      0x18c tinyspi.o

.debug_macinfo
 *(.debug_macinfo)

.debug_weaknames
 *(.debug_weaknames)

.debug_funcnames
 *(.debug_funcnames)

.debug_typenames
 *(.debug_typenames)

.debug_varnames
 *(.debug_varnames)

.debug_pubtypes
 *(.debug_pubtypes)

.debug_ranges   0x00000000      0x1c8
 *(.debug_ranges)
 .debug_ranges  0x00000000       0x28 bitmanip.o
 .debug_ranges  0x00000028       0x50 main.o
 .debug_ranges  0x00000078       0xf0 mrf24j.o
 .debug_ranges  0x00000168       0x38 Packet_Setup.o
 .debug_ranges  0x000001a0       0x28 tinyspi.o

.debug_macro
 *(.debug_macro)
OUTPUT(Mesh-Beta7.elf elf32-avr)
LOAD linker stubs
